// Jest Snapshot v1, https://jestjs.io/docs/snapshot-testing

exports[`Header component should be equal to snapshot 1`] = `
<DocumentFragment>
  <div
    class="order_block"
  >
    <button
      aria-label="Закрыть"
      class="close_button"
      data-testid="close-button"
      type="button"
    >
      <svg
        fill="#F2F2F3"
        height="24"
        viewBox="0 0 24 24"
        width="24"
        xmlns="http://www.w3.org/2000/svg"
      >
        <path
          clip-rule="evenodd"
          d="M3.29289 3.29289C3.68342 2.90237 4.31658 2.90237 4.70711 3.29289L12 10.5858L19.2929 3.29289C19.6834 2.90237 20.3166 2.90237 20.7071 3.29289C21.0976 3.68342 21.0976 4.31658 20.7071 4.70711L13.4142 12L20.7071 19.2929C21.0976 19.6834 21.0976 20.3166 20.7071 20.7071C20.3166 21.0976 19.6834 21.0976 19.2929 20.7071L12 13.4142L4.70711 20.7071C4.31658 21.0976 3.68342 21.0976 3.29289 20.7071C2.90237 20.3166 2.90237 19.6834 3.29289 19.2929L10.5858 12L3.29289 4.70711C2.90237 4.31658 2.90237 3.68342 3.29289 3.29289Z"
          fill-rule="evenodd"
        />
      </svg>
    </button>
    <p
      class="order_number"
      data-cy="order-details-number"
    >
      123
    </p>
    <p
      class="title text text_type_main-large"
    >
      идентификатор заказа
    </p>
    <img
      alt="check_mark"
      class="check_mark"
      src="/images/check_mark.png"
    />
    <p
      class="title text text_type_main"
    >
      Ваш заказ начали готовить
    </p>
    <p
      class="modal_text"
    >
      Дождитесь готовности на орбитальной станции
    </p>
  </div>
</DocumentFragment>
`;
